192.168.1.100 - - [10/Oct/2023:13:55:36 -0700] "GET /index.html HTTP/1.1" 200 2326
10.0.0.50 - - [10/Oct/2023:13:55:37 -0700] "POST /login HTTP/1.1" 401 1234
172.16.0.20 - - [10/Oct/2023:13:55:38 -0700] "GET /admin HTTP/1.1" 403 500